-size
height: 46
width: 64

-player
spawn: 48.6536 18.1115

-entities
shotgun: 50.4051 17.9389
ghast: 56.9718 18.0346
nyarlathotep: 55.3689 10.5768
ghast: 39.3620 6.5612
ghast: 43.2042 3.7563
ghast: 45.4413 6.5612
minigun: 31.6096 3.3822
nyarlathotep: 36.5734 23.4047
nyarlathotep: 43.6008 24.3528
nyarlathotep: 38.6785 37.8145
ghast: 28.5136 24.2612
medikit: 35.5323 43.6230
medikit: 35.5323 44.5911
ghast: 15.7256 29.1078
ghast: 15.8055 27.6929
medikit: 1.5937 31.6093
medikit: 1.5697 25.6712
ammo: 61.3906 37.4029
ammo: 62.1897 42.6772
medikit: 48.6374 21.5819
medikit: 47.6847 10.5310
medikit: 46.5196 23.6036
medikit: 55.7402 24.0470
ammo: 23.5287 23.5868
wide_punch_man: 3.1887 28.6215
ammo: 46.4546 12.3277

-map
:                               5555                              
:                               5 15                              
:                               51 54545555555555                 
:                               5               5                 
:                               51 545455  0    5                 
:                               5 15    5       5                 
:                               5555    5    0  5                 
:                                       5       5                 
:                                       5       5                 
:                                       5  0    55555555555       
:                                       5         1       5       
:                                       5                 5       
:                                       5              1  5       
:                         555555        5555  5550000690000       
:                         5    5           5  5  0        0       
:                         5    5           5  5  0        0       
:                         5    4141455555555  5550        000     
:                         5           22         0          0     
:                         57                     0          0     
: 555555555555555         5    4141452           0        000     
: 5             5         5    5    52    22     0        0       
: 5             5         5    5    5     22     0        0       
: 5             5       22555555    5          2200008B00002222   
: 5             5       2   2   2   5          2 5 2    2     2   
: 5  1          5       2   2   2   5     2      5 2    2     2   
: 5  1          5       2   2   2   55555555555555 2    2222  2   
: 5 11          545454542   2   2           2   2  2    2  2  2   
: 51            A           2   2           2   2222    2  2  2   
: 5C            A           2   2     2222222           2222  2   
: 51            A           2   2     2                       2   
: 5 11          545454542   2   2222222                       2   
: 5  1          5       2   2             222  222222222  22222   
: 5  1          5    2222   2             2            2  2       
: 5             5    2  2  2222222222  2222            2  2       
: 5             5    2  2  2  2        222222222       2  2       
: 5             5 2222  2  2  2        2       2   22222  2  22222
: 5             5 2     2  2  2  2222  2       2   2      2  2   2
: 555555555555555 2     2  2  2  2  2  2  222  2   2      2  2   2
:                 2  2222  2  2  2  2  2  2 2  2   22222  2222   2
:                 2                 2  222222  2     2           2
:                 2                 2          2222222           2
:                 2  222222  22222  2          2         222222  2
:                 2  2    2  2   2  222222222222         2    2  2
:                 2  2    2222   2    2        2222222222     2  2
:                 2  2           2    2                       2222
:                 2222           222222                           

